1
2
3
0,1,4,9,16,25,36,49,64,81
0,2,4,6,8,10,12,14,16,18,20
1
