true
true
vs
false
false
vs
false
true
vs
false
true
---
undefined
3
---
1
1
1
