while/catch
1
2
3
4
for...in
5
for...in w/ Iterator
0
2
done.
