1
1
bottom
-1,-2
2
1
2
bottom
-2
3
1
2
3
3
bottom
-3,-4,-5,-6
4
1
2
3
6
4
bottom
-4
5
1
2
3
6
5
bottom
-4,-5,-6
6
1
2
3
6
bottom
-6
