1
2
3
finally
7
1
2
3
finally
7
1
2
finally
after
8
x
